// Jest Snapshot v1, https://goo.gl/fbAQLP

exports[`Layout renders correctly 1`] = `
<div
  className="StyledGrommet-sc-19lkkz7-0 gwEfcX"
>
  <div
    className="sc-AxjAm iKHSUB"
  >
    <main
      className="StyledBox-sc-13pk1d4-0 gHwNfO sc-AxirZ jDbLra"
    />
  </div>
</div>
`;
